=== RUN   TestKafkaVsNATSPerformanceComparison
    kafka_nats_comparison_test.go:328: 🚀 ===== Kafka vs NATS JetStream 全面性能对比测试 =====
    kafka_nats_comparison_test.go:329: 📋 测试要求:
    kafka_nats_comparison_test.go:330:    1. 创建 EventBus 实例（Kafka 和 NATS JetStream）
    kafka_nats_comparison_test.go:331:    2. NATS JetStream 持久化到磁盘
    kafka_nats_comparison_test.go:332:    3. 使用 PublishEnvelope 方法发布
    kafka_nats_comparison_test.go:333:    4. 使用 SubscribeEnvelope 方法订阅
    kafka_nats_comparison_test.go:334:    5. 测试压力：低压500、中压2000、高压5000、极限10000
    kafka_nats_comparison_test.go:335:    6. Topic 数量：5
    kafka_nats_comparison_test.go:336:    7. 统计连接数和消费者组个数
    kafka_nats_comparison_test.go:337:    8. 仅使用 ASCII 字符命名
    kafka_nats_comparison_test.go:338: 
    kafka_nats_comparison_test.go:359: 
        ================================================================================
    kafka_nats_comparison_test.go:360: 🎯 开始 低压 测试 (500 条消息)
    kafka_nats_comparison_test.go:361: ================================================================================
    kafka_nats_comparison_test.go:297: 
        🔄 准备测试环境: 低压
    kafka_nats_comparison_test.go:205: 🧹 清理 Kafka 测试数据 (topic prefix: kafka.perf)...
    kafka_nats_comparison_test.go:241: ⚠️  删除 topic kafka.perf.extreme.topic3 失败: kafka server: Request was for a topic or partition that does not exist on this broker
    kafka_nats_comparison_test.go:243:    ✅ 已删除 topic: kafka.perf.extreme.topic5
    kafka_nats_comparison_test.go:243:    ✅ 已删除 topic: kafka.perf.extreme.topic2
    kafka_nats_comparison_test.go:243:    ✅ 已删除 topic: kafka.perf.extreme.topic1
    kafka_nats_comparison_test.go:243:    ✅ 已删除 topic: kafka.perf.extreme.topic4
    kafka_nats_comparison_test.go:246: ✅ 成功删除 5 个 Kafka topics
    kafka_nats_comparison_test.go:254: 🧹 清理 NATS JetStream 测试数据 (stream prefix: PERF_)...
    kafka_nats_comparison_test.go:282:    ✅ 已删除 stream: PERF_extreme_1760331894
    kafka_nats_comparison_test.go:289: ✅ 成功删除 1 个 NATS streams
    kafka_nats_comparison_test.go:309: ✅ 测试环境准备完成
    kafka_nats_comparison_test.go:367: 
        🔴 测试 Kafka...
    kafka_nats_comparison_test.go:136: 🔧 创建 Kafka Topics (分区数: 3)...
    kafka_nats_comparison_test.go:175:    ✅ 创建成功: kafka.perf.low.topic1 (3 partitions)
    kafka_nats_comparison_test.go:175:    ✅ 创建成功: kafka.perf.low.topic2 (3 partitions)
    kafka_nats_comparison_test.go:175:    ✅ 创建成功: kafka.perf.low.topic3 (3 partitions)
    kafka_nats_comparison_test.go:175:    ✅ 创建成功: kafka.perf.low.topic4 (3 partitions)
    kafka_nats_comparison_test.go:175:    ✅ 创建成功: kafka.perf.low.topic5 (3 partitions)
    kafka_nats_comparison_test.go:183: 📊 验证创建的 Topics:
    kafka_nats_comparison_test.go:193:    kafka.perf.low.topic1: 3 partitions
    kafka_nats_comparison_test.go:193:    kafka.perf.low.topic2: 3 partitions
    kafka_nats_comparison_test.go:193:    kafka.perf.low.topic3: 3 partitions
    kafka_nats_comparison_test.go:193:    kafka.perf.low.topic4: 3 partitions
    kafka_nats_comparison_test.go:193:    kafka.perf.low.topic5: 3 partitions
    kafka_nats_comparison_test.go:199: ✅ 成功创建 5 个 Kafka topics
2025-10-13T13:23:35.268+0800	INFO	logger/logger.go:48	Kafka EventBus created successfully (AsyncProducer mode)brokers[localhost:29094]clientIdkafka-perf-low-1760333013healthCheckInterval30scompressionsnappyflushFrequency10msflushMessages100flushBytes1048576
    kafka_nats_comparison_test.go:510: ✅ 已设置预订阅 topic 列表: [kafka.perf.low.topic1 kafka.perf.low.topic2 kafka.perf.low.topic3 kafka.perf.low.topic4 kafka.perf.low.topic5]
    kafka_nats_comparison_test.go:773: ✅ 发送完成: 500/500 条消息
    kafka_nats_comparison_test.go:777: 📊 Kafka Topic 分区配置:
    kafka_nats_comparison_test.go:779:    kafka.perf.low.topic5: 3 partitions
    kafka_nats_comparison_test.go:779:    kafka.perf.low.topic1: 3 partitions
    kafka_nats_comparison_test.go:779:    kafka.perf.low.topic2: 3 partitions
    kafka_nats_comparison_test.go:779:    kafka.perf.low.topic3: 3 partitions
    kafka_nats_comparison_test.go:779:    kafka.perf.low.topic4: 3 partitions
    kafka_nats_comparison_test.go:784: ⏳ 等待消息处理完成...
    kafka_nats_comparison_test.go:479: ⏳ 等待 Kafka EventBus goroutines 退出...
    kafka_nats_comparison_test.go:494: 📊 Kafka 资源清理完成: 初始 3 -> 最终 3 (泄漏 0)
    kafka_nats_comparison_test.go:372: ⏳ 等待资源释放...
    kafka_nats_comparison_test.go:377: 
        🔵 测试 NATS JetStream (磁盘持久化)...
2025-10-13T13:24:11.410+0800	INFO	logger/logger.go:48	NATS EventBus created successfullyurls[nats://localhost:4223]clientIdnats-perf-low-1760333051
    kafka_nats_comparison_test.go:773: ✅ 发送完成: 500/500 条消息
    kafka_nats_comparison_test.go:784: ⏳ 等待消息处理完成...
    kafka_nats_comparison_test.go:600: ⏳ 等待 NATS EventBus goroutines 退出...
    kafka_nats_comparison_test.go:615: 📊 NATS 资源清理完成: 初始 3 -> 最终 4 (泄漏 1)
    kafka_nats_comparison_test.go:1008: 
        ================================================================================
    kafka_nats_comparison_test.go:1009: 📊 低压 测试结果对比
    kafka_nats_comparison_test.go:1010: ================================================================================
    kafka_nats_comparison_test.go:1013: 
        📨 消息统计:
    kafka_nats_comparison_test.go:1014:    发送消息数                | Kafka:      500 | NATS:      500
    kafka_nats_comparison_test.go:1015:    接收消息数                | Kafka:      500 | NATS:      500
    kafka_nats_comparison_test.go:1016:    成功率                  | Kafka:  100.00% | NATS:  100.00%
    kafka_nats_comparison_test.go:1017:    发送错误                 | Kafka:        0 | NATS:        0
    kafka_nats_comparison_test.go:1018:    处理错误                 | Kafka:        0 | NATS:        0
    kafka_nats_comparison_test.go:1019:    顺序违反                 | Kafka:        0 | NATS:        0
    kafka_nats_comparison_test.go:1022: 
        🚀 性能指标:
    kafka_nats_comparison_test.go:1023:    发送吞吐量                | Kafka:      33.33 msg/s | NATS:      33.26 msg/s
    kafka_nats_comparison_test.go:1024:    接收吞吐量                | Kafka:      33.33 msg/s | NATS:      33.26 msg/s
    kafka_nats_comparison_test.go:1025:    平均发送延迟               | Kafka:      0.051 ms | NATS:      1.194 ms
    kafka_nats_comparison_test.go:1026:    平均处理延迟               | Kafka:      0.001 ms | NATS:      0.000 ms
    kafka_nats_comparison_test.go:1027:    总耗时                  | Kafka:      15.00 s | NATS:      15.03 s
    kafka_nats_comparison_test.go:1030: 
        💾 资源占用:
    kafka_nats_comparison_test.go:1031:    初始协程数                | Kafka:        3 | NATS:        3
    kafka_nats_comparison_test.go:1032:    峰值协程数                | Kafka:      449 | NATS:     6254
    kafka_nats_comparison_test.go:1033:    最终协程数                | Kafka:        3 | NATS:        4
    kafka_nats_comparison_test.go:1034:    协程泄漏                 | Kafka:        0 | NATS:        1
    kafka_nats_comparison_test.go:1035:    初始内存                 | Kafka:       1.51 MB | NATS:       1.75 MB
    kafka_nats_comparison_test.go:1036:    峰值内存                 | Kafka:       7.22 MB | NATS:      79.62 MB
    kafka_nats_comparison_test.go:1037:    最终内存                 | Kafka:       4.24 MB | NATS:      30.04 MB
    kafka_nats_comparison_test.go:1038:    内存增量                 | Kafka:       2.73 MB | NATS:      28.29 MB
    kafka_nats_comparison_test.go:1041: 
        🔗 连接和消费者组:
    kafka_nats_comparison_test.go:1042:    Topic 数量             | Kafka:        5 | NATS:        5
    kafka_nats_comparison_test.go:1043:    连接数                  | Kafka:        1 | NATS:        1
    kafka_nats_comparison_test.go:1044:    消费者组个数               | Kafka:        1 | NATS:        1
    kafka_nats_comparison_test.go:1046:    Kafka Topics: [kafka.perf.low.topic1 kafka.perf.low.topic2 kafka.perf.low.topic3 kafka.perf.low.topic4 kafka.perf.low.topic5]
    kafka_nats_comparison_test.go:1051:    Kafka Partitions:
    kafka_nats_comparison_test.go:1053:       kafka.perf.low.topic1: 3 partitions
    kafka_nats_comparison_test.go:1053:       kafka.perf.low.topic2: 3 partitions
    kafka_nats_comparison_test.go:1053:       kafka.perf.low.topic3: 3 partitions
    kafka_nats_comparison_test.go:1053:       kafka.perf.low.topic4: 3 partitions
    kafka_nats_comparison_test.go:1053:       kafka.perf.low.topic5: 3 partitions
    kafka_nats_comparison_test.go:1058:    NATS Topics: [nats.perf.low.1760333051.topic1 nats.perf.low.1760333051.topic2 nats.perf.low.1760333051.topic3 nats.perf.low.1760333051.topic4 nats.perf.low.1760333051.topic5]
    kafka_nats_comparison_test.go:1062: 
        🏆 性能优势:
    kafka_nats_comparison_test.go:1065:    Kafka 吞吐量优势: +0.20%
    kafka_nats_comparison_test.go:1076:    NATS 延迟优势: -100.00%
    kafka_nats_comparison_test.go:1081:    Kafka 内存优势: -90.34%
    kafka_nats_comparison_test.go:1087: ================================================================================
    kafka_nats_comparison_test.go:385: ⏳ 等待资源释放...
    kafka_nats_comparison_test.go:359: 
        ================================================================================
    kafka_nats_comparison_test.go:360: 🎯 开始 中压 测试 (2000 条消息)
    kafka_nats_comparison_test.go:361: ================================================================================
    kafka_nats_comparison_test.go:297: 
        🔄 准备测试环境: 中压
    kafka_nats_comparison_test.go:205: 🧹 清理 Kafka 测试数据 (topic prefix: kafka.perf)...
    kafka_nats_comparison_test.go:241: ⚠️  删除 topic kafka.perf.low.topic5 失败: kafka server: Request was for a topic or partition that does not exist on this broker
    kafka_nats_comparison_test.go:243:    ✅ 已删除 topic: kafka.perf.low.topic2
    kafka_nats_comparison_test.go:243:    ✅ 已删除 topic: kafka.perf.low.topic4
    kafka_nats_comparison_test.go:243:    ✅ 已删除 topic: kafka.perf.low.topic1
    kafka_nats_comparison_test.go:243:    ✅ 已删除 topic: kafka.perf.low.topic3
    kafka_nats_comparison_test.go:246: ✅ 成功删除 5 个 Kafka topics
    kafka_nats_comparison_test.go:254: 🧹 清理 NATS JetStream 测试数据 (stream prefix: PERF_)...
    kafka_nats_comparison_test.go:282:    ✅ 已删除 stream: PERF_low_1760333051
    kafka_nats_comparison_test.go:289: ✅ 成功删除 1 个 NATS streams
    kafka_nats_comparison_test.go:309: ✅ 测试环境准备完成
    kafka_nats_comparison_test.go:367: 
        🔴 测试 Kafka...
    kafka_nats_comparison_test.go:136: 🔧 创建 Kafka Topics (分区数: 3)...
    kafka_nats_comparison_test.go:175:    ✅ 创建成功: kafka.perf.medium.topic1 (3 partitions)
    kafka_nats_comparison_test.go:175:    ✅ 创建成功: kafka.perf.medium.topic2 (3 partitions)
    kafka_nats_comparison_test.go:175:    ✅ 创建成功: kafka.perf.medium.topic3 (3 partitions)
    kafka_nats_comparison_test.go:175:    ✅ 创建成功: kafka.perf.medium.topic4 (3 partitions)
    kafka_nats_comparison_test.go:175:    ✅ 创建成功: kafka.perf.medium.topic5 (3 partitions)
    kafka_nats_comparison_test.go:183: 📊 验证创建的 Topics:
    kafka_nats_comparison_test.go:193:    kafka.perf.medium.topic1: 3 partitions
    kafka_nats_comparison_test.go:193:    kafka.perf.medium.topic2: 3 partitions
    kafka_nats_comparison_test.go:193:    kafka.perf.medium.topic3: 3 partitions
    kafka_nats_comparison_test.go:193:    kafka.perf.medium.topic4: 3 partitions
    kafka_nats_comparison_test.go:193:    kafka.perf.medium.topic5: 3 partitions
    kafka_nats_comparison_test.go:199: ✅ 成功创建 5 个 Kafka topics
2025-10-13T13:24:47.615+0800	INFO	logger/logger.go:48	Kafka EventBus created successfully (AsyncProducer mode)brokers[localhost:29094]clientIdkafka-perf-medium-1760333085healthCheckInterval30scompressionsnappyflushFrequency10msflushMessages100flushBytes1048576
    kafka_nats_comparison_test.go:510: ✅ 已设置预订阅 topic 列表: [kafka.perf.medium.topic1 kafka.perf.medium.topic2 kafka.perf.medium.topic3 kafka.perf.medium.topic4 kafka.perf.medium.topic5]
    kafka_nats_comparison_test.go:773: ✅ 发送完成: 2000/2000 条消息
    kafka_nats_comparison_test.go:777: 📊 Kafka Topic 分区配置:
    kafka_nats_comparison_test.go:779:    kafka.perf.medium.topic3: 3 partitions
    kafka_nats_comparison_test.go:779:    kafka.perf.medium.topic4: 3 partitions
    kafka_nats_comparison_test.go:779:    kafka.perf.medium.topic5: 3 partitions
    kafka_nats_comparison_test.go:779:    kafka.perf.medium.topic1: 3 partitions
    kafka_nats_comparison_test.go:779:    kafka.perf.medium.topic2: 3 partitions
    kafka_nats_comparison_test.go:784: ⏳ 等待消息处理完成...
    kafka_nats_comparison_test.go:479: ⏳ 等待 Kafka EventBus goroutines 退出...
    kafka_nats_comparison_test.go:494: 📊 Kafka 资源清理完成: 初始 4 -> 最终 4 (泄漏 0)
    kafka_nats_comparison_test.go:372: ⏳ 等待资源释放...
    kafka_nats_comparison_test.go:377: 
        🔵 测试 NATS JetStream (磁盘持久化)...
2025-10-13T13:25:23.752+0800	INFO	logger/logger.go:48	NATS EventBus created successfullyurls[nats://localhost:4223]clientIdnats-perf-medium-1760333123
    kafka_nats_comparison_test.go:773: ✅ 发送完成: 2000/2000 条消息
    kafka_nats_comparison_test.go:784: ⏳ 等待消息处理完成...
    kafka_nats_comparison_test.go:600: ⏳ 等待 NATS EventBus goroutines 退出...
    kafka_nats_comparison_test.go:615: 📊 NATS 资源清理完成: 初始 4 -> 最终 5 (泄漏 1)
    kafka_nats_comparison_test.go:1008: 
        ================================================================================
    kafka_nats_comparison_test.go:1009: 📊 中压 测试结果对比
    kafka_nats_comparison_test.go:1010: ================================================================================
    kafka_nats_comparison_test.go:1013: 
        📨 消息统计:
    kafka_nats_comparison_test.go:1014:    发送消息数                | Kafka:     2000 | NATS:     2000
    kafka_nats_comparison_test.go:1015:    接收消息数                | Kafka:     2000 | NATS:     2000
    kafka_nats_comparison_test.go:1016:    成功率                  | Kafka:  100.00% | NATS:  100.00%
    kafka_nats_comparison_test.go:1017:    发送错误                 | Kafka:        0 | NATS:        0
    kafka_nats_comparison_test.go:1018:    处理错误                 | Kafka:        0 | NATS:        0
    kafka_nats_comparison_test.go:1019:    顺序违反                 | Kafka:        0 | NATS:        0
    kafka_nats_comparison_test.go:1022: 
        🚀 性能指标:
    kafka_nats_comparison_test.go:1023:    发送吞吐量                | Kafka:     133.30 msg/s | NATS:     133.17 msg/s
    kafka_nats_comparison_test.go:1024:    接收吞吐量                | Kafka:     133.30 msg/s | NATS:     133.17 msg/s
    kafka_nats_comparison_test.go:1025:    平均发送延迟               | Kafka:      0.315 ms | NATS:      1.226 ms
    kafka_nats_comparison_test.go:1026:    平均处理延迟               | Kafka:      0.004 ms | NATS:      0.008 ms
    kafka_nats_comparison_test.go:1027:    总耗时                  | Kafka:      15.00 s | NATS:      15.02 s
    kafka_nats_comparison_test.go:1030: 
        💾 资源占用:
    kafka_nats_comparison_test.go:1031:    初始协程数                | Kafka:        4 | NATS:        4
    kafka_nats_comparison_test.go:1032:    峰值协程数                | Kafka:      450 | NATS:     7375
    kafka_nats_comparison_test.go:1033:    最终协程数                | Kafka:        4 | NATS:        5
    kafka_nats_comparison_test.go:1034:    协程泄漏                 | Kafka:        0 | NATS:        1
    kafka_nats_comparison_test.go:1035:    初始内存                 | Kafka:      30.09 MB | NATS:      30.04 MB
    kafka_nats_comparison_test.go:1036:    峰值内存                 | Kafka:      44.27 MB | NATS:     115.58 MB
    kafka_nats_comparison_test.go:1037:    最终内存                 | Kafka:      32.60 MB | NATS:      56.54 MB
    kafka_nats_comparison_test.go:1038:    内存增量                 | Kafka:       2.51 MB | NATS:      26.49 MB
    kafka_nats_comparison_test.go:1041: 
        🔗 连接和消费者组:
    kafka_nats_comparison_test.go:1042:    Topic 数量             | Kafka:        5 | NATS:        5
    kafka_nats_comparison_test.go:1043:    连接数                  | Kafka:        1 | NATS:        1
    kafka_nats_comparison_test.go:1044:    消费者组个数               | Kafka:        1 | NATS:        1
    kafka_nats_comparison_test.go:1046:    Kafka Topics: [kafka.perf.medium.topic1 kafka.perf.medium.topic2 kafka.perf.medium.topic3 kafka.perf.medium.topic4 kafka.perf.medium.topic5]
    kafka_nats_comparison_test.go:1051:    Kafka Partitions:
    kafka_nats_comparison_test.go:1053:       kafka.perf.medium.topic5: 3 partitions
    kafka_nats_comparison_test.go:1053:       kafka.perf.medium.topic1: 3 partitions
    kafka_nats_comparison_test.go:1053:       kafka.perf.medium.topic2: 3 partitions
    kafka_nats_comparison_test.go:1053:       kafka.perf.medium.topic3: 3 partitions
    kafka_nats_comparison_test.go:1053:       kafka.perf.medium.topic4: 3 partitions
    kafka_nats_comparison_test.go:1058:    NATS Topics: [nats.perf.medium.1760333123.topic1 nats.perf.medium.1760333123.topic2 nats.perf.medium.1760333123.topic3 nats.perf.medium.1760333123.topic4 nats.perf.medium.1760333123.topic5]
    kafka_nats_comparison_test.go:1062: 
        🏆 性能优势:
    kafka_nats_comparison_test.go:1065:    Kafka 吞吐量优势: +0.10%
    kafka_nats_comparison_test.go:1073:    Kafka 延迟优势: -48.31%
    kafka_nats_comparison_test.go:1081:    Kafka 内存优势: -90.52%
    kafka_nats_comparison_test.go:1087: ================================================================================
    kafka_nats_comparison_test.go:385: ⏳ 等待资源释放...
    kafka_nats_comparison_test.go:359: 
        ================================================================================
    kafka_nats_comparison_test.go:360: 🎯 开始 高压 测试 (5000 条消息)
    kafka_nats_comparison_test.go:361: ================================================================================
    kafka_nats_comparison_test.go:297: 
        🔄 准备测试环境: 高压
    kafka_nats_comparison_test.go:205: 🧹 清理 Kafka 测试数据 (topic prefix: kafka.perf)...
    kafka_nats_comparison_test.go:241: ⚠️  删除 topic kafka.perf.medium.topic3 失败: kafka server: Request was for a topic or partition that does not exist on this broker
    kafka_nats_comparison_test.go:243:    ✅ 已删除 topic: kafka.perf.medium.topic5
    kafka_nats_comparison_test.go:243:    ✅ 已删除 topic: kafka.perf.medium.topic1
    kafka_nats_comparison_test.go:243:    ✅ 已删除 topic: kafka.perf.medium.topic2
    kafka_nats_comparison_test.go:243:    ✅ 已删除 topic: kafka.perf.medium.topic4
    kafka_nats_comparison_test.go:246: ✅ 成功删除 5 个 Kafka topics
    kafka_nats_comparison_test.go:254: 🧹 清理 NATS JetStream 测试数据 (stream prefix: PERF_)...
    kafka_nats_comparison_test.go:282:    ✅ 已删除 stream: PERF_medium_1760333123
    kafka_nats_comparison_test.go:289: ✅ 成功删除 1 个 NATS streams
    kafka_nats_comparison_test.go:309: ✅ 测试环境准备完成
    kafka_nats_comparison_test.go:367: 
        🔴 测试 Kafka...
    kafka_nats_comparison_test.go:136: 🔧 创建 Kafka Topics (分区数: 3)...
    kafka_nats_comparison_test.go:175:    ✅ 创建成功: kafka.perf.high.topic1 (3 partitions)
    kafka_nats_comparison_test.go:175:    ✅ 创建成功: kafka.perf.high.topic2 (3 partitions)
    kafka_nats_comparison_test.go:175:    ✅ 创建成功: kafka.perf.high.topic3 (3 partitions)
    kafka_nats_comparison_test.go:175:    ✅ 创建成功: kafka.perf.high.topic4 (3 partitions)
    kafka_nats_comparison_test.go:175:    ✅ 创建成功: kafka.perf.high.topic5 (3 partitions)
    kafka_nats_comparison_test.go:183: 📊 验证创建的 Topics:
    kafka_nats_comparison_test.go:193:    kafka.perf.high.topic1: 3 partitions
    kafka_nats_comparison_test.go:193:    kafka.perf.high.topic2: 3 partitions
    kafka_nats_comparison_test.go:193:    kafka.perf.high.topic3: 3 partitions
    kafka_nats_comparison_test.go:193:    kafka.perf.high.topic4: 3 partitions
    kafka_nats_comparison_test.go:193:    kafka.perf.high.topic5: 3 partitions
    kafka_nats_comparison_test.go:199: ✅ 成功创建 5 个 Kafka topics
2025-10-13T13:26:00.009+0800	INFO	logger/logger.go:48	Kafka EventBus created successfully (AsyncProducer mode)brokers[localhost:29094]clientIdkafka-perf-high-1760333158healthCheckInterval30scompressionsnappyflushFrequency10msflushMessages100flushBytes1048576
    kafka_nats_comparison_test.go:510: ✅ 已设置预订阅 topic 列表: [kafka.perf.high.topic1 kafka.perf.high.topic2 kafka.perf.high.topic3 kafka.perf.high.topic4 kafka.perf.high.topic5]
    kafka_nats_comparison_test.go:773: ✅ 发送完成: 5000/5000 条消息
    kafka_nats_comparison_test.go:777: 📊 Kafka Topic 分区配置:
    kafka_nats_comparison_test.go:779:    kafka.perf.high.topic1: 3 partitions
    kafka_nats_comparison_test.go:779:    kafka.perf.high.topic2: 3 partitions
    kafka_nats_comparison_test.go:779:    kafka.perf.high.topic3: 3 partitions
    kafka_nats_comparison_test.go:779:    kafka.perf.high.topic4: 3 partitions
    kafka_nats_comparison_test.go:779:    kafka.perf.high.topic5: 3 partitions
    kafka_nats_comparison_test.go:784: ⏳ 等待消息处理完成...
    kafka_nats_comparison_test.go:479: ⏳ 等待 Kafka EventBus goroutines 退出...
    kafka_nats_comparison_test.go:494: 📊 Kafka 资源清理完成: 初始 5 -> 最终 5 (泄漏 0)
    kafka_nats_comparison_test.go:372: ⏳ 等待资源释放...
    kafka_nats_comparison_test.go:377: 
        🔵 测试 NATS JetStream (磁盘持久化)...
2025-10-13T13:26:51.358+0800	INFO	logger/logger.go:48	NATS EventBus created successfullyurls[nats://localhost:4223]clientIdnats-perf-high-1760333211
    kafka_nats_comparison_test.go:773: ✅ 发送完成: 5000/5000 条消息
    kafka_nats_comparison_test.go:784: ⏳ 等待消息处理完成...
    kafka_nats_comparison_test.go:600: ⏳ 等待 NATS EventBus goroutines 退出...
    kafka_nats_comparison_test.go:615: 📊 NATS 资源清理完成: 初始 5 -> 最终 6 (泄漏 1)
    kafka_nats_comparison_test.go:1008: 
        ================================================================================
    kafka_nats_comparison_test.go:1009: 📊 高压 测试结果对比
    kafka_nats_comparison_test.go:1010: ================================================================================
    kafka_nats_comparison_test.go:1013: 
        📨 消息统计:
    kafka_nats_comparison_test.go:1014:    发送消息数                | Kafka:     5000 | NATS:     5000
    kafka_nats_comparison_test.go:1015:    接收消息数                | Kafka:     5000 | NATS:     5000
    kafka_nats_comparison_test.go:1016:    成功率                  | Kafka:  100.00% | NATS:  100.00%
    kafka_nats_comparison_test.go:1017:    发送错误                 | Kafka:        0 | NATS:        0
    kafka_nats_comparison_test.go:1018:    处理错误                 | Kafka:        0 | NATS:        0
    kafka_nats_comparison_test.go:1019:    顺序违反                 | Kafka:        0 | NATS:        0
    kafka_nats_comparison_test.go:1022: 
        🚀 性能指标:
    kafka_nats_comparison_test.go:1023:    发送吞吐量                | Kafka:     166.60 msg/s | NATS:     166.04 msg/s
    kafka_nats_comparison_test.go:1024:    接收吞吐量                | Kafka:     166.60 msg/s | NATS:     166.04 msg/s
    kafka_nats_comparison_test.go:1025:    平均发送延迟               | Kafka:      0.971 ms | NATS:      2.896 ms
    kafka_nats_comparison_test.go:1026:    平均处理延迟               | Kafka:      0.005 ms | NATS:      0.014 ms
    kafka_nats_comparison_test.go:1027:    总耗时                  | Kafka:      30.01 s | NATS:      30.11 s
    kafka_nats_comparison_test.go:1030: 
        💾 资源占用:
    kafka_nats_comparison_test.go:1031:    初始协程数                | Kafka:        5 | NATS:        5
    kafka_nats_comparison_test.go:1032:    峰值协程数                | Kafka:      451 | NATS:    10795
    kafka_nats_comparison_test.go:1033:    最终协程数                | Kafka:        5 | NATS:        6
    kafka_nats_comparison_test.go:1034:    协程泄漏                 | Kafka:        0 | NATS:        1
    kafka_nats_comparison_test.go:1035:    初始内存                 | Kafka:      56.58 MB | NATS:      56.53 MB
    kafka_nats_comparison_test.go:1036:    峰值内存                 | Kafka:      85.06 MB | NATS:     162.67 MB
    kafka_nats_comparison_test.go:1037:    最终内存                 | Kafka:      59.10 MB | NATS:      84.32 MB
    kafka_nats_comparison_test.go:1038:    内存增量                 | Kafka:       2.52 MB | NATS:      27.79 MB
    kafka_nats_comparison_test.go:1041: 
        🔗 连接和消费者组:
    kafka_nats_comparison_test.go:1042:    Topic 数量             | Kafka:        5 | NATS:        5
    kafka_nats_comparison_test.go:1043:    连接数                  | Kafka:        1 | NATS:        1
    kafka_nats_comparison_test.go:1044:    消费者组个数               | Kafka:        1 | NATS:        1
    kafka_nats_comparison_test.go:1046:    Kafka Topics: [kafka.perf.high.topic1 kafka.perf.high.topic2 kafka.perf.high.topic3 kafka.perf.high.topic4 kafka.perf.high.topic5]
    kafka_nats_comparison_test.go:1051:    Kafka Partitions:
    kafka_nats_comparison_test.go:1053:       kafka.perf.high.topic1: 3 partitions
    kafka_nats_comparison_test.go:1053:       kafka.perf.high.topic2: 3 partitions
    kafka_nats_comparison_test.go:1053:       kafka.perf.high.topic3: 3 partitions
    kafka_nats_comparison_test.go:1053:       kafka.perf.high.topic4: 3 partitions
    kafka_nats_comparison_test.go:1053:       kafka.perf.high.topic5: 3 partitions
    kafka_nats_comparison_test.go:1058:    NATS Topics: [nats.perf.high.1760333211.topic1 nats.perf.high.1760333211.topic2 nats.perf.high.1760333211.topic3 nats.perf.high.1760333211.topic4 nats.perf.high.1760333211.topic5]
    kafka_nats_comparison_test.go:1062: 
        🏆 性能优势:
    kafka_nats_comparison_test.go:1065:    Kafka 吞吐量优势: +0.34%
    kafka_nats_comparison_test.go:1073:    Kafka 延迟优势: -61.46%
    kafka_nats_comparison_test.go:1081:    Kafka 内存优势: -90.94%
    kafka_nats_comparison_test.go:1087: ================================================================================
    kafka_nats_comparison_test.go:385: ⏳ 等待资源释放...
    kafka_nats_comparison_test.go:359: 
        ================================================================================
    kafka_nats_comparison_test.go:360: 🎯 开始 极限 测试 (10000 条消息)
    kafka_nats_comparison_test.go:361: ================================================================================
    kafka_nats_comparison_test.go:297: 
        🔄 准备测试环境: 极限
    kafka_nats_comparison_test.go:205: 🧹 清理 Kafka 测试数据 (topic prefix: kafka.perf)...
    kafka_nats_comparison_test.go:241: ⚠️  删除 topic kafka.perf.high.topic5 失败: kafka server: Request was for a topic or partition that does not exist on this broker
    kafka_nats_comparison_test.go:243:    ✅ 已删除 topic: kafka.perf.high.topic1
    kafka_nats_comparison_test.go:243:    ✅ 已删除 topic: kafka.perf.high.topic3
    kafka_nats_comparison_test.go:243:    ✅ 已删除 topic: kafka.perf.high.topic2
    kafka_nats_comparison_test.go:243:    ✅ 已删除 topic: kafka.perf.high.topic4
    kafka_nats_comparison_test.go:246: ✅ 成功删除 5 个 Kafka topics
    kafka_nats_comparison_test.go:254: 🧹 清理 NATS JetStream 测试数据 (stream prefix: PERF_)...
    kafka_nats_comparison_test.go:282:    ✅ 已删除 stream: PERF_high_1760333211
    kafka_nats_comparison_test.go:289: ✅ 成功删除 1 个 NATS streams
    kafka_nats_comparison_test.go:309: ✅ 测试环境准备完成
    kafka_nats_comparison_test.go:367: 
        🔴 测试 Kafka...
    kafka_nats_comparison_test.go:136: 🔧 创建 Kafka Topics (分区数: 3)...
    kafka_nats_comparison_test.go:175:    ✅ 创建成功: kafka.perf.extreme.topic1 (3 partitions)
    kafka_nats_comparison_test.go:175:    ✅ 创建成功: kafka.perf.extreme.topic2 (3 partitions)
    kafka_nats_comparison_test.go:175:    ✅ 创建成功: kafka.perf.extreme.topic3 (3 partitions)
    kafka_nats_comparison_test.go:175:    ✅ 创建成功: kafka.perf.extreme.topic4 (3 partitions)
    kafka_nats_comparison_test.go:175:    ✅ 创建成功: kafka.perf.extreme.topic5 (3 partitions)
    kafka_nats_comparison_test.go:183: 📊 验证创建的 Topics:
    kafka_nats_comparison_test.go:193:    kafka.perf.extreme.topic1: 3 partitions
    kafka_nats_comparison_test.go:193:    kafka.perf.extreme.topic2: 3 partitions
    kafka_nats_comparison_test.go:193:    kafka.perf.extreme.topic3: 3 partitions
    kafka_nats_comparison_test.go:193:    kafka.perf.extreme.topic4: 3 partitions
    kafka_nats_comparison_test.go:193:    kafka.perf.extreme.topic5: 3 partitions
    kafka_nats_comparison_test.go:199: ✅ 成功创建 5 个 Kafka topics
2025-10-13T13:27:42.756+0800	INFO	logger/logger.go:48	Kafka EventBus created successfully (AsyncProducer mode)brokers[localhost:29094]clientIdkafka-perf-extreme-1760333261healthCheckInterval30scompressionsnappyflushFrequency10msflushMessages100flushBytes1048576
    kafka_nats_comparison_test.go:510: ✅ 已设置预订阅 topic 列表: [kafka.perf.extreme.topic1 kafka.perf.extreme.topic2 kafka.perf.extreme.topic3 kafka.perf.extreme.topic4 kafka.perf.extreme.topic5]
    kafka_nats_comparison_test.go:773: ✅ 发送完成: 10000/10000 条消息
    kafka_nats_comparison_test.go:777: 📊 Kafka Topic 分区配置:
    kafka_nats_comparison_test.go:779:    kafka.perf.extreme.topic5: 3 partitions
    kafka_nats_comparison_test.go:779:    kafka.perf.extreme.topic1: 3 partitions
    kafka_nats_comparison_test.go:779:    kafka.perf.extreme.topic2: 3 partitions
    kafka_nats_comparison_test.go:779:    kafka.perf.extreme.topic3: 3 partitions
    kafka_nats_comparison_test.go:779:    kafka.perf.extreme.topic4: 3 partitions
    kafka_nats_comparison_test.go:784: ⏳ 等待消息处理完成...
    kafka_nats_comparison_test.go:479: ⏳ 等待 Kafka EventBus goroutines 退出...
    kafka_nats_comparison_test.go:494: 📊 Kafka 资源清理完成: 初始 6 -> 最终 6 (泄漏 0)
    kafka_nats_comparison_test.go:372: ⏳ 等待资源释放...
    kafka_nats_comparison_test.go:377: 
        🔵 测试 NATS JetStream (磁盘持久化)...
2025-10-13T13:28:34.166+0800	INFO	logger/logger.go:48	NATS EventBus created successfullyurls[nats://localhost:4223]clientIdnats-perf-extreme-1760333314
    kafka_nats_comparison_test.go:773: ✅ 发送完成: 10000/10000 条消息
    kafka_nats_comparison_test.go:784: ⏳ 等待消息处理完成...
    kafka_nats_comparison_test.go:600: ⏳ 等待 NATS EventBus goroutines 退出...
    kafka_nats_comparison_test.go:615: 📊 NATS 资源清理完成: 初始 6 -> 最终 7 (泄漏 1)
    kafka_nats_comparison_test.go:1008: 
        ================================================================================
    kafka_nats_comparison_test.go:1009: 📊 极限 测试结果对比
    kafka_nats_comparison_test.go:1010: ================================================================================
    kafka_nats_comparison_test.go:1013: 
        📨 消息统计:
    kafka_nats_comparison_test.go:1014:    发送消息数                | Kafka:    10000 | NATS:    10000
    kafka_nats_comparison_test.go:1015:    接收消息数                | Kafka:    10000 | NATS:    10000
    kafka_nats_comparison_test.go:1016:    成功率                  | Kafka:  100.00% | NATS:  100.00%
    kafka_nats_comparison_test.go:1017:    发送错误                 | Kafka:        0 | NATS:        0
    kafka_nats_comparison_test.go:1018:    处理错误                 | Kafka:        0 | NATS:        0
    kafka_nats_comparison_test.go:1019:    顺序违反                 | Kafka:        0 | NATS:        0
    kafka_nats_comparison_test.go:1022: 
        🚀 性能指标:
    kafka_nats_comparison_test.go:1023:    发送吞吐量                | Kafka:     333.06 msg/s | NATS:     325.84 msg/s
    kafka_nats_comparison_test.go:1024:    接收吞吐量                | Kafka:     333.06 msg/s | NATS:     325.84 msg/s
    kafka_nats_comparison_test.go:1025:    平均发送延迟               | Kafka:      2.258 ms | NATS:     39.044 ms
    kafka_nats_comparison_test.go:1026:    平均处理延迟               | Kafka:      0.004 ms | NATS:      0.016 ms
    kafka_nats_comparison_test.go:1027:    总耗时                  | Kafka:      30.02 s | NATS:      30.69 s
    kafka_nats_comparison_test.go:1030: 
        💾 资源占用:
    kafka_nats_comparison_test.go:1031:    初始协程数                | Kafka:        6 | NATS:        6
    kafka_nats_comparison_test.go:1032:    峰值协程数                | Kafka:      452 | NATS:    12961
    kafka_nats_comparison_test.go:1033:    最终协程数                | Kafka:        6 | NATS:        7
    kafka_nats_comparison_test.go:1034:    协程泄漏                 | Kafka:        0 | NATS:        1
    kafka_nats_comparison_test.go:1035:    初始内存                 | Kafka:      84.26 MB | NATS:      84.24 MB
    kafka_nats_comparison_test.go:1036:    峰值内存                 | Kafka:     136.47 MB | NATS:     219.82 MB
    kafka_nats_comparison_test.go:1037:    最终内存                 | Kafka:      86.83 MB | NATS:     112.50 MB
    kafka_nats_comparison_test.go:1038:    内存增量                 | Kafka:       2.57 MB | NATS:      28.26 MB
    kafka_nats_comparison_test.go:1041: 
        🔗 连接和消费者组:
    kafka_nats_comparison_test.go:1042:    Topic 数量             | Kafka:        5 | NATS:        5
    kafka_nats_comparison_test.go:1043:    连接数                  | Kafka:        1 | NATS:        1
    kafka_nats_comparison_test.go:1044:    消费者组个数               | Kafka:        1 | NATS:        1
    kafka_nats_comparison_test.go:1046:    Kafka Topics: [kafka.perf.extreme.topic1 kafka.perf.extreme.topic2 kafka.perf.extreme.topic3 kafka.perf.extreme.topic4 kafka.perf.extreme.topic5]
    kafka_nats_comparison_test.go:1051:    Kafka Partitions:
    kafka_nats_comparison_test.go:1053:       kafka.perf.extreme.topic1: 3 partitions
    kafka_nats_comparison_test.go:1053:       kafka.perf.extreme.topic2: 3 partitions
    kafka_nats_comparison_test.go:1053:       kafka.perf.extreme.topic3: 3 partitions
    kafka_nats_comparison_test.go:1053:       kafka.perf.extreme.topic4: 3 partitions
    kafka_nats_comparison_test.go:1053:       kafka.perf.extreme.topic5: 3 partitions
    kafka_nats_comparison_test.go:1058:    NATS Topics: [nats.perf.extreme.1760333314.topic1 nats.perf.extreme.1760333314.topic2 nats.perf.extreme.1760333314.topic3 nats.perf.extreme.1760333314.topic4 nats.perf.extreme.1760333314.topic5]
    kafka_nats_comparison_test.go:1062: 
        🏆 性能优势:
    kafka_nats_comparison_test.go:1065:    Kafka 吞吐量优势: +2.21%
    kafka_nats_comparison_test.go:1073:    Kafka 延迟优势: -76.51%
    kafka_nats_comparison_test.go:1081:    Kafka 内存优势: -90.91%
    kafka_nats_comparison_test.go:1087: ================================================================================
    kafka_nats_comparison_test.go:385: ⏳ 等待资源释放...
    kafka_nats_comparison_test.go:1098: 
        ====================================================================================================
    kafka_nats_comparison_test.go:1099: 🏆 Kafka vs NATS JetStream 综合性能对比报告
    kafka_nats_comparison_test.go:1100: ====================================================================================================
    kafka_nats_comparison_test.go:1111: 
        📊 性能指标汇总表:
    kafka_nats_comparison_test.go:1112: 压力级别       | 系统              | 吞吐量(msg/s)      | 延迟(ms)          | 成功率(%)          | 内存增量(MB)        | 协程泄漏           
    kafka_nats_comparison_test.go:1114: ----------------------------------------------------------------------------------------------------
    kafka_nats_comparison_test.go:1120: 低压         | Kafka           |           33.33 |           0.001 |          100.00 |            2.73 |               0
    kafka_nats_comparison_test.go:1123: 低压         | NATS            |           33.26 |           0.000 |          100.00 |           28.29 |               1
    kafka_nats_comparison_test.go:1126: ----------------------------------------------------------------------------------------------------
    kafka_nats_comparison_test.go:1120: 中压         | Kafka           |          133.30 |           0.004 |          100.00 |            2.51 |               0
    kafka_nats_comparison_test.go:1123: 中压         | NATS            |          133.17 |           0.008 |          100.00 |           26.49 |               1
    kafka_nats_comparison_test.go:1126: ----------------------------------------------------------------------------------------------------
    kafka_nats_comparison_test.go:1120: 高压         | Kafka           |          166.60 |           0.005 |          100.00 |            2.52 |               0
    kafka_nats_comparison_test.go:1123: 高压         | NATS            |          166.04 |           0.014 |          100.00 |           27.79 |               1
    kafka_nats_comparison_test.go:1126: ----------------------------------------------------------------------------------------------------
    kafka_nats_comparison_test.go:1120: 极限         | Kafka           |          333.06 |           0.004 |          100.00 |            2.57 |               0
    kafka_nats_comparison_test.go:1123: 极限         | NATS            |          325.84 |           0.016 |          100.00 |           28.26 |               1
    kafka_nats_comparison_test.go:1126: ----------------------------------------------------------------------------------------------------
    kafka_nats_comparison_test.go:1152: 
        🎯 综合评分:
    kafka_nats_comparison_test.go:1153: 平均吞吐量                | Kafka:     166.57 msg/s | NATS:     164.58 msg/s
    kafka_nats_comparison_test.go:1154: 平均延迟                 | Kafka:      0.004 ms | NATS:      0.009 ms
    kafka_nats_comparison_test.go:1155: 平均内存增量               | Kafka:       2.58 MB | NATS:      27.71 MB
    kafka_nats_comparison_test.go:1159: 
        🔗 连接和消费者组统计:
    kafka_nats_comparison_test.go:1160: Topic 数量             | Kafka:        5 | NATS:        5
    kafka_nats_comparison_test.go:1161: 连接数                  | Kafka:        1 | NATS:        1
    kafka_nats_comparison_test.go:1162: 消费者组个数               | Kafka:        1 | NATS:        1
    kafka_nats_comparison_test.go:1166: 
        🏆 最终结论:
    kafka_nats_comparison_test.go:1173:    ✅ 吞吐量: Kafka 胜出 (+1.21%)
    kafka_nats_comparison_test.go:1183:    ✅ 延迟: Kafka 胜出 (-62.06%)
    kafka_nats_comparison_test.go:1193:    ✅ 内存效率: Kafka 胜出 (-90.68%)
    kafka_nats_comparison_test.go:1201: 
        🎉 总体获胜者:
    kafka_nats_comparison_test.go:1203:    🥇 Kafka 以 3:0 获胜！
    kafka_nats_comparison_test.go:1211: 
        💡 使用建议:
    kafka_nats_comparison_test.go:1212: 🔴 选择 Kafka 当:
    kafka_nats_comparison_test.go:1213:    • 需要企业级可靠性和持久化保证
    kafka_nats_comparison_test.go:1214:    • 需要复杂的数据处理管道
    kafka_nats_comparison_test.go:1215:    • 需要成熟的生态系统和工具链
    kafka_nats_comparison_test.go:1216:    • 数据量大且需要长期保存
    kafka_nats_comparison_test.go:1218: 
        🔵 选择 NATS JetStream 当:
    kafka_nats_comparison_test.go:1219:    • 需要极致的性能和低延迟
    kafka_nats_comparison_test.go:1220:    • 需要简单的部署和运维
    kafka_nats_comparison_test.go:1221:    • 需要轻量级的消息传递
    kafka_nats_comparison_test.go:1222:    • 构建实时应用和微服务
    kafka_nats_comparison_test.go:1224: 
        ====================================================================================================
    kafka_nats_comparison_test.go:1225: ✅ 测试完成！共执行 4 个场景，8 次测试
    kafka_nats_comparison_test.go:1226: ====================================================================================================
--- PASS: TestKafkaVsNATSPerformanceComparison (351.14s)
PASS
ok  	github.com/ChenBigdata421/jxt-core/tests/eventbus/performance_tests	351.417s
